
=== ablation_W4 -> ablation_analysis_ablation_W4/ ===
groups=11  inits=48  leads=[24, 72, 120, 168]  block=4  svr_method=iqr_monthly_anom
metrics (40): ['RMSE Z500', 'RMSE T850', 'RMSE Q700', 'RMSE U500', 'RMSE MSLP', 'RMSE T2M', 'SpecDiv> Z500', 'SpecDiv< Z500', 'SpecRes Z500', 'SpecResLog Z500', 'SpecDivW1 Z500', '|RQE| Z500', 'SpecDiv> T850', 'SpecDiv< T850', 'SpecRes T850', 'SpecResLog T850', 'SpecDivW1 T850', '|RQE| T850', 'SpecDiv> Q700', 'SpecDiv< Q700', 'SpecRes Q700', 'SpecResLog Q700', 'SpecDivW1 Q700', '|RQE| Q700', 'Vag/Vg 850hPa', '|Vag| 850hPa', 'Vag/Vg 500hPa', '|Vag| 500hPa', 'Vag/Vg 250hPa', '|Vag| 250hPa', 'div/vort 850hPa', 'div/vort 500hPa', 'div/vort 250hPa', 'HypsRel 600-500', '|DryAir Md err|', 'neg-q fraction', '|neg-q mass|', 'EffRes Z500', 'DKE<1000km 500hPa', 'DKEpert<1000km 500hPa']
  share denominator: all_metrics_W4.pt - all_metrics_FP32.pt (142 significant metric/lead cells; 18 non-significant -> col-max fallback)
wrote ablation_analysis_ablation_W4\sensitivity.csv
wrote ablation_analysis_ablation_W4\share_heatmap_24h.png
wrote ablation_analysis_ablation_W4\svr_heatmap_24h.png
wrote ablation_analysis_ablation_W4\rank_heatmap_24h.png
wrote ablation_analysis_ablation_W4\layer_summary_24h.png
wrote ablation_analysis_ablation_W4\physics_vs_rmse_24h.png
wrote ablation_analysis_ablation_W4\dke_pert_band_24h.png
wrote ablation_analysis_ablation_W4\additivity_24h.png
wrote ablation_analysis_ablation_W4\additivity_24h.csv
wrote ablation_analysis_ablation_W4\collinearity_24h.png
wrote ablation_analysis_ablation_W4\share_heatmap_72h.png
wrote ablation_analysis_ablation_W4\svr_heatmap_72h.png
wrote ablation_analysis_ablation_W4\rank_heatmap_72h.png
wrote ablation_analysis_ablation_W4\layer_summary_72h.png
wrote ablation_analysis_ablation_W4\physics_vs_rmse_72h.png
wrote ablation_analysis_ablation_W4\dke_pert_band_72h.png
wrote ablation_analysis_ablation_W4\additivity_72h.png
wrote ablation_analysis_ablation_W4\additivity_72h.csv
wrote ablation_analysis_ablation_W4\collinearity_72h.png
wrote ablation_analysis_ablation_W4\share_heatmap_120h.png
wrote ablation_analysis_ablation_W4\svr_heatmap_120h.png
wrote ablation_analysis_ablation_W4\rank_heatmap_120h.png
wrote ablation_analysis_ablation_W4\layer_summary_120h.png
wrote ablation_analysis_ablation_W4\physics_vs_rmse_120h.png
wrote ablation_analysis_ablation_W4\dke_pert_band_120h.png
wrote ablation_analysis_ablation_W4\additivity_120h.png
wrote ablation_analysis_ablation_W4\additivity_120h.csv
wrote ablation_analysis_ablation_W4\collinearity_120h.png
wrote ablation_analysis_ablation_W4\share_heatmap_168h.png
wrote ablation_analysis_ablation_W4\svr_heatmap_168h.png
wrote ablation_analysis_ablation_W4\rank_heatmap_168h.png
wrote ablation_analysis_ablation_W4\layer_summary_168h.png
wrote ablation_analysis_ablation_W4\physics_vs_rmse_168h.png
wrote ablation_analysis_ablation_W4\dke_pert_band_168h.png
wrote ablation_analysis_ablation_W4\additivity_168h.png
wrote ablation_analysis_ablation_W4\additivity_168h.csv
wrote ablation_analysis_ablation_W4\collinearity_168h.png
wrote ablation_analysis_ablation_W4\panel_RMSE.png
wrote ablation_analysis_ablation_W4\panel_spec_div.png
wrote ablation_analysis_ablation_W4\panel_spec_res.png
wrote ablation_analysis_ablation_W4\panel_spec_res_log.png
wrote ablation_analysis_ablation_W4\panel_spec_div_w1.png
wrote ablation_analysis_ablation_W4\panel_RQE.png
wrote ablation_analysis_ablation_W4\panel_wind_balance.png
wrote ablation_analysis_ablation_W4\panel_div_vort.png
wrote ablation_analysis_ablation_W4\panel_hypsometric.png
wrote ablation_analysis_ablation_W4\panel_dry_air_mass.png
wrote ablation_analysis_ablation_W4\panel_neg_humidity.png
wrote ablation_analysis_ablation_W4\panel_derived.png
wrote ablation_analysis_ablation_W4\panel_dke_pert.png
wrote ablation_analysis_ablation_W4\dke_pert_spectra.png

=== ablation_W8 -> ablation_analysis_ablation_W8/ ===
groups=11  inits=48  leads=[24, 72, 120, 168]  block=4  svr_method=iqr_monthly_anom
metrics (40): ['RMSE Z500', 'RMSE T850', 'RMSE Q700', 'RMSE U500', 'RMSE MSLP', 'RMSE T2M', 'SpecDiv> Z500', 'SpecDiv< Z500', 'SpecRes Z500', 'SpecResLog Z500', 'SpecDivW1 Z500', '|RQE| Z500', 'SpecDiv> T850', 'SpecDiv< T850', 'SpecRes T850', 'SpecResLog T850', 'SpecDivW1 T850', '|RQE| T850', 'SpecDiv> Q700', 'SpecDiv< Q700', 'SpecRes Q700', 'SpecResLog Q700', 'SpecDivW1 Q700', '|RQE| Q700', 'Vag/Vg 850hPa', '|Vag| 850hPa', 'Vag/Vg 500hPa', '|Vag| 500hPa', 'Vag/Vg 250hPa', '|Vag| 250hPa', 'div/vort 850hPa', 'div/vort 500hPa', 'div/vort 250hPa', 'HypsRel 600-500', '|DryAir Md err|', 'neg-q fraction', '|neg-q mass|', 'EffRes Z500', 'DKE<1000km 500hPa', 'DKEpert<1000km 500hPa']
  share denominator: all_metrics_W8.pt - all_metrics_FP32.pt (104 significant metric/lead cells; 56 non-significant -> col-max fallback)
wrote ablation_analysis_ablation_W8\sensitivity.csv
wrote ablation_analysis_ablation_W8\share_heatmap_24h.png
wrote ablation_analysis_ablation_W8\svr_heatmap_24h.png
wrote ablation_analysis_ablation_W8\rank_heatmap_24h.png
wrote ablation_analysis_ablation_W8\layer_summary_24h.png
wrote ablation_analysis_ablation_W8\physics_vs_rmse_24h.png
wrote ablation_analysis_ablation_W8\dke_pert_band_24h.png
wrote ablation_analysis_ablation_W8\additivity_24h.png
wrote ablation_analysis_ablation_W8\additivity_24h.csv
wrote ablation_analysis_ablation_W8\collinearity_24h.png
wrote ablation_analysis_ablation_W8\share_heatmap_72h.png
wrote ablation_analysis_ablation_W8\svr_heatmap_72h.png
wrote ablation_analysis_ablation_W8\rank_heatmap_72h.png
wrote ablation_analysis_ablation_W8\layer_summary_72h.png
wrote ablation_analysis_ablation_W8\physics_vs_rmse_72h.png
wrote ablation_analysis_ablation_W8\dke_pert_band_72h.png
wrote ablation_analysis_ablation_W8\additivity_72h.png
wrote ablation_analysis_ablation_W8\additivity_72h.csv
wrote ablation_analysis_ablation_W8\collinearity_72h.png
wrote ablation_analysis_ablation_W8\share_heatmap_120h.png
wrote ablation_analysis_ablation_W8\svr_heatmap_120h.png
wrote ablation_analysis_ablation_W8\rank_heatmap_120h.png
wrote ablation_analysis_ablation_W8\layer_summary_120h.png
wrote ablation_analysis_ablation_W8\physics_vs_rmse_120h.png
wrote ablation_analysis_ablation_W8\dke_pert_band_120h.png
wrote ablation_analysis_ablation_W8\additivity_120h.png
wrote ablation_analysis_ablation_W8\additivity_120h.csv
wrote ablation_analysis_ablation_W8\collinearity_120h.png
wrote ablation_analysis_ablation_W8\share_heatmap_168h.png
wrote ablation_analysis_ablation_W8\svr_heatmap_168h.png
wrote ablation_analysis_ablation_W8\rank_heatmap_168h.png
wrote ablation_analysis_ablation_W8\layer_summary_168h.png
wrote ablation_analysis_ablation_W8\physics_vs_rmse_168h.png
wrote ablation_analysis_ablation_W8\dke_pert_band_168h.png
wrote ablation_analysis_ablation_W8\additivity_168h.png
wrote ablation_analysis_ablation_W8\additivity_168h.csv
wrote ablation_analysis_ablation_W8\collinearity_168h.png
wrote ablation_analysis_ablation_W8\panel_RMSE.png
wrote ablation_analysis_ablation_W8\panel_spec_div.png
wrote ablation_analysis_ablation_W8\panel_spec_res.png
wrote ablation_analysis_ablation_W8\panel_spec_res_log.png
wrote ablation_analysis_ablation_W8\panel_spec_div_w1.png
wrote ablation_analysis_ablation_W8\panel_RQE.png
wrote ablation_analysis_ablation_W8\panel_wind_balance.png
wrote ablation_analysis_ablation_W8\panel_div_vort.png
wrote ablation_analysis_ablation_W8\panel_hypsometric.png
wrote ablation_analysis_ablation_W8\panel_dry_air_mass.png
wrote ablation_analysis_ablation_W8\panel_neg_humidity.png
wrote ablation_analysis_ablation_W8\panel_derived.png
wrote ablation_analysis_ablation_W8\panel_dke_pert.png
wrote ablation_analysis_ablation_W8\dke_pert_spectra.png

=== ablation_W8A8 -> ablation_analysis_ablation_W8A8/ ===
groups=11  inits=48  leads=[24, 72, 120, 168]  block=4  svr_method=iqr_monthly_anom
metrics (40): ['RMSE Z500', 'RMSE T850', 'RMSE Q700', 'RMSE U500', 'RMSE MSLP', 'RMSE T2M', 'SpecDiv> Z500', 'SpecDiv< Z500', 'SpecRes Z500', 'SpecResLog Z500', 'SpecDivW1 Z500', '|RQE| Z500', 'SpecDiv> T850', 'SpecDiv< T850', 'SpecRes T850', 'SpecResLog T850', 'SpecDivW1 T850', '|RQE| T850', 'SpecDiv> Q700', 'SpecDiv< Q700', 'SpecRes Q700', 'SpecResLog Q700', 'SpecDivW1 Q700', '|RQE| Q700', 'Vag/Vg 850hPa', '|Vag| 850hPa', 'Vag/Vg 500hPa', '|Vag| 500hPa', 'Vag/Vg 250hPa', '|Vag| 250hPa', 'div/vort 850hPa', 'div/vort 500hPa', 'div/vort 250hPa', 'HypsRel 600-500', '|DryAir Md err|', 'neg-q fraction', '|neg-q mass|', 'EffRes Z500', 'DKE<1000km 500hPa', 'DKEpert<1000km 500hPa']
  share denominator: all_metrics_W8A8.pt - all_metrics_FP32.pt (136 significant metric/lead cells; 24 non-significant -> col-max fallback)
wrote ablation_analysis_ablation_W8A8\sensitivity.csv
wrote ablation_analysis_ablation_W8A8\share_heatmap_24h.png
wrote ablation_analysis_ablation_W8A8\svr_heatmap_24h.png
wrote ablation_analysis_ablation_W8A8\rank_heatmap_24h.png
wrote ablation_analysis_ablation_W8A8\layer_summary_24h.png
wrote ablation_analysis_ablation_W8A8\physics_vs_rmse_24h.png
wrote ablation_analysis_ablation_W8A8\dke_pert_band_24h.png
wrote ablation_analysis_ablation_W8A8\additivity_24h.png
wrote ablation_analysis_ablation_W8A8\additivity_24h.csv
wrote ablation_analysis_ablation_W8A8\collinearity_24h.png
wrote ablation_analysis_ablation_W8A8\share_heatmap_72h.png
wrote ablation_analysis_ablation_W8A8\svr_heatmap_72h.png
wrote ablation_analysis_ablation_W8A8\rank_heatmap_72h.png
wrote ablation_analysis_ablation_W8A8\layer_summary_72h.png
wrote ablation_analysis_ablation_W8A8\physics_vs_rmse_72h.png
wrote ablation_analysis_ablation_W8A8\dke_pert_band_72h.png
wrote ablation_analysis_ablation_W8A8\additivity_72h.png
wrote ablation_analysis_ablation_W8A8\additivity_72h.csv
wrote ablation_analysis_ablation_W8A8\collinearity_72h.png
wrote ablation_analysis_ablation_W8A8\share_heatmap_120h.png
wrote ablation_analysis_ablation_W8A8\svr_heatmap_120h.png
wrote ablation_analysis_ablation_W8A8\rank_heatmap_120h.png
wrote ablation_analysis_ablation_W8A8\layer_summary_120h.png
wrote ablation_analysis_ablation_W8A8\physics_vs_rmse_120h.png
wrote ablation_analysis_ablation_W8A8\dke_pert_band_120h.png
wrote ablation_analysis_ablation_W8A8\additivity_120h.png
wrote ablation_analysis_ablation_W8A8\additivity_120h.csv
wrote ablation_analysis_ablation_W8A8\collinearity_120h.png
wrote ablation_analysis_ablation_W8A8\share_heatmap_168h.png
wrote ablation_analysis_ablation_W8A8\svr_heatmap_168h.png
wrote ablation_analysis_ablation_W8A8\rank_heatmap_168h.png
wrote ablation_analysis_ablation_W8A8\layer_summary_168h.png
wrote ablation_analysis_ablation_W8A8\physics_vs_rmse_168h.png
wrote ablation_analysis_ablation_W8A8\dke_pert_band_168h.png
wrote ablation_analysis_ablation_W8A8\additivity_168h.png
wrote ablation_analysis_ablation_W8A8\additivity_168h.csv
wrote ablation_analysis_ablation_W8A8\collinearity_168h.png
wrote ablation_analysis_ablation_W8A8\panel_RMSE.png
wrote ablation_analysis_ablation_W8A8\panel_spec_div.png
wrote ablation_analysis_ablation_W8A8\panel_spec_res.png
wrote ablation_analysis_ablation_W8A8\panel_spec_res_log.png
wrote ablation_analysis_ablation_W8A8\panel_spec_div_w1.png
wrote ablation_analysis_ablation_W8A8\panel_RQE.png
wrote ablation_analysis_ablation_W8A8\panel_wind_balance.png
wrote ablation_analysis_ablation_W8A8\panel_div_vort.png
wrote ablation_analysis_ablation_W8A8\panel_hypsometric.png
wrote ablation_analysis_ablation_W8A8\panel_dry_air_mass.png
wrote ablation_analysis_ablation_W8A8\panel_neg_humidity.png
wrote ablation_analysis_ablation_W8A8\panel_derived.png
wrote ablation_analysis_ablation_W8A8\panel_dke_pert.png
wrote ablation_analysis_ablation_W8A8\dke_pert_spectra.png
wrote ablation_analysis_cross_scheme\cross_scheme.csv
wrote ablation_analysis_cross_scheme\cross_scheme_bars.png
wrote ablation_analysis_cross_scheme\rank_agreement.png
wrote ablation_analysis_cross_scheme\rank_agreement_share_legacy.png

=== ablations_W8A8_sq -> ablation_analysis_ablations_W8A8_sq/ ===
groups=11  inits=48  leads=[24, 72, 120, 168]  block=4  svr_method=iqr_monthly_anom
metrics (40): ['RMSE Z500', 'RMSE T850', 'RMSE Q700', 'RMSE U500', 'RMSE MSLP', 'RMSE T2M', 'SpecDiv> Z500', 'SpecDiv< Z500', 'SpecRes Z500', 'SpecResLog Z500', 'SpecDivW1 Z500', '|RQE| Z500', 'SpecDiv> T850', 'SpecDiv< T850', 'SpecRes T850', 'SpecResLog T850', 'SpecDivW1 T850', '|RQE| T850', 'SpecDiv> Q700', 'SpecDiv< Q700', 'SpecRes Q700', 'SpecResLog Q700', 'SpecDivW1 Q700', '|RQE| Q700', 'Vag/Vg 850hPa', '|Vag| 850hPa', 'Vag/Vg 500hPa', '|Vag| 500hPa', 'Vag/Vg 250hPa', '|Vag| 250hPa', 'div/vort 850hPa', 'div/vort 500hPa', 'div/vort 250hPa', 'HypsRel 600-500', '|DryAir Md err|', 'neg-q fraction', '|neg-q mass|', 'EffRes Z500', 'DKE<1000km 500hPa', 'DKEpert<1000km 500hPa']
wrote ablation_analysis_ablations_W8A8_sq\sensitivity.csv
wrote ablation_analysis_ablations_W8A8_sq\share_heatmap_24h.png
wrote ablation_analysis_ablations_W8A8_sq\svr_heatmap_24h.png
wrote ablation_analysis_ablations_W8A8_sq\rank_heatmap_24h.png
wrote ablation_analysis_ablations_W8A8_sq\layer_summary_24h.png
wrote ablation_analysis_ablations_W8A8_sq\physics_vs_rmse_24h.png
wrote ablation_analysis_ablations_W8A8_sq\dke_pert_band_24h.png
wrote ablation_analysis_ablations_W8A8_sq\collinearity_24h.png
wrote ablation_analysis_ablations_W8A8_sq\share_heatmap_72h.png
wrote ablation_analysis_ablations_W8A8_sq\svr_heatmap_72h.png
wrote ablation_analysis_ablations_W8A8_sq\rank_heatmap_72h.png
wrote ablation_analysis_ablations_W8A8_sq\layer_summary_72h.png
wrote ablation_analysis_ablations_W8A8_sq\physics_vs_rmse_72h.png
wrote ablation_analysis_ablations_W8A8_sq\dke_pert_band_72h.png
wrote ablation_analysis_ablations_W8A8_sq\collinearity_72h.png
wrote ablation_analysis_ablations_W8A8_sq\share_heatmap_120h.png
wrote ablation_analysis_ablations_W8A8_sq\svr_heatmap_120h.png
wrote ablation_analysis_ablations_W8A8_sq\rank_heatmap_120h.png
wrote ablation_analysis_ablations_W8A8_sq\layer_summary_120h.png
wrote ablation_analysis_ablations_W8A8_sq\physics_vs_rmse_120h.png
wrote ablation_analysis_ablations_W8A8_sq\dke_pert_band_120h.png
wrote ablation_analysis_ablations_W8A8_sq\collinearity_120h.png
wrote ablation_analysis_ablations_W8A8_sq\share_heatmap_168h.png
wrote ablation_analysis_ablations_W8A8_sq\svr_heatmap_168h.png
wrote ablation_analysis_ablations_W8A8_sq\rank_heatmap_168h.png
wrote ablation_analysis_ablations_W8A8_sq\layer_summary_168h.png
wrote ablation_analysis_ablations_W8A8_sq\physics_vs_rmse_168h.png
wrote ablation_analysis_ablations_W8A8_sq\dke_pert_band_168h.png
wrote ablation_analysis_ablations_W8A8_sq\collinearity_168h.png
wrote ablation_analysis_ablations_W8A8_sq\panel_RMSE.png
wrote ablation_analysis_ablations_W8A8_sq\panel_spec_div.png
wrote ablation_analysis_ablations_W8A8_sq\panel_spec_res.png
wrote ablation_analysis_ablations_W8A8_sq\panel_spec_res_log.png
wrote ablation_analysis_ablations_W8A8_sq\panel_spec_div_w1.png
wrote ablation_analysis_ablations_W8A8_sq\panel_RQE.png
wrote ablation_analysis_ablations_W8A8_sq\panel_wind_balance.png
wrote ablation_analysis_ablations_W8A8_sq\panel_div_vort.png
wrote ablation_analysis_ablations_W8A8_sq\panel_hypsometric.png
wrote ablation_analysis_ablations_W8A8_sq\panel_dry_air_mass.png
wrote ablation_analysis_ablations_W8A8_sq\panel_neg_humidity.png
wrote ablation_analysis_ablations_W8A8_sq\panel_derived.png
wrote ablation_analysis_ablations_W8A8_sq\panel_dke_pert.png
wrote ablation_analysis_ablations_W8A8_sq\dke_pert_spectra.png
