axes resolved: ['balance', 'conservation']   n_inits=47
wrote harness_results_n47\stormer_composite.csv
wrote harness_results_n47\stormer_composite_labels.csv (36 rows)

=== PRIMARY: max(balance, conservation), lead 120h ===
pair                                  phys    rmse  ratio  binding
  W8A8_span1|W8A8_rmse_span1         0.074   0.255   3.43  balance/balance
  W8A8_span2|W8A8_rmse_span2         0.055   0.200   3.66  balance/balance
  W8A8_span3|W8A8_rmse_span3         0.008   0.017   2.02  balance/balance
  W4W8_span1|W4W8_rmse_span1         0.300   0.912   3.04  balance/balance
  W4W8_span2|W4W8_rmse_span2         0.108   0.060   0.56  balance/balance
  W4W8_span3|W4W8_rmse_span3         0.010   0.016   1.64  balance/balance
wrote harness_results_n47\stormer_paired_wind_balance.csv

--- decomposition: balance (wind_balance) ---
  W8A8_span1|W8A8_rmse_span1         0.0744   0.2553   3.43
  W8A8_span2|W8A8_rmse_span2         0.0546   0.1998   3.66
  W8A8_span3|W8A8_rmse_span3         0.0085   0.0172   2.02
  W4W8_span1|W4W8_rmse_span1         0.3000   0.9124   3.04
  W4W8_span2|W4W8_rmse_span2         0.1076   0.0597   0.56
  W4W8_span3|W4W8_rmse_span3         0.0098   0.0160   1.64
wrote harness_results_n47\stormer_paired_dry_air_mass.csv

--- decomposition: conservation (dry_air_mass) ---
  W8A8_span1|W8A8_rmse_span1         0.0062   0.0394   6.31
  W8A8_span2|W8A8_rmse_span2         0.0034   0.0427  12.62
  W8A8_span3|W8A8_rmse_span3         0.0004   0.0029   8.06
  W4W8_span1|W4W8_rmse_span1         0.0461   0.4739  10.28
  W4W8_span2|W4W8_rmse_span2         0.0159   0.0597   3.74
  W4W8_span3|W4W8_rmse_span3         0.0017   0.0051   3.04

ratio > 1 = physics better on the objective it optimised. physics leads 5/6.
