=== START: Sun  2 Aug 03:09:39 BST 2026 ===
device: cuda
12 inits, 20210104_00 .. 20211204_00, leads [24, 72, 120, 168]
/vol/bitbucket/mes25/stormer/stormer/models/iterative_module.py:78: FutureWarning: You are using `torch.load` with `weights_only=False` (the current default value), which uses the default pickle module implicitly. It is possible to construct malicious pickle data which will execute arbitrary code during unpickling (See https://github.com/pytorch/pytorch/blob/main/SECURITY.md#untrusted-models for more details). In a future release, the default value for `weights_only` will be flipped to `True`. This limits the functions that could be executed during unpickling. Arbitrary objects will no longer be allowed to be loaded via this mode unless they are explicitly allowlisted by the user via `torch.serialization.add_safe_globals`. We recommend you start setting `weights_only=True` for any use case where you don't have full control of the loaded file. Please open an issue on GitHub for any issues related to this experimental feature.
  checkpoint = torch.load(pretrained_path, map_location=torch.device("cpu"))
Loading pre-trained checkpoint from: /vol/bitbucket/mes25/stormer_checkpoints/stormer_1.40625_patch_size_2.ckpt
<All keys matched successfully>
11 groups: ['embed', 'b0-5_attn', 'b0-5_mlp', 'adaln', 'b6-11_attn', 'b6-11_mlp', 'b12-17_attn', 'b12-17_mlp', 'b18-23_attn', 'b18-23_mlp', 'head']
SKIP W8A8_sq_floor: floor W8A8_sq needs the SmoothQuant PREPARE->calibrate->CONVERT flow, which is not wired (as on Aurora)
SKIP W8A8_sq_knee: floor W8A8_sq needs the SmoothQuant PREPARE->calibrate->CONVERT flow, which is not wired (as on Aurora)
SKIP W8A8_sq_span1: floor W8A8_sq needs the SmoothQuant PREPARE->calibrate->CONVERT flow, which is not wired (as on Aurora)
SKIP W8A8_sq_span2: floor W8A8_sq needs the SmoothQuant PREPARE->calibrate->CONVERT flow, which is not wired (as on Aurora)
SKIP W8A8_sq_span3: floor W8A8_sq needs the SmoothQuant PREPARE->calibrate->CONVERT flow, which is not wired (as on Aurora)
SKIP W8A8_sq_rmse_knee: floor W8A8_sq needs the SmoothQuant PREPARE->calibrate->CONVERT flow, which is not wired (as on Aurora)
SKIP W8A8_sq_rmse_span1: floor W8A8_sq needs the SmoothQuant PREPARE->calibrate->CONVERT flow, which is not wired (as on Aurora)
SKIP W8A8_sq_rmse_span3: floor W8A8_sq needs the SmoothQuant PREPARE->calibrate->CONVERT flow, which is not wired (as on Aurora)
SKIP W8A8_sq_rmseup_knee: floor W8A8_sq needs the SmoothQuant PREPARE->calibrate->CONVERT flow, which is not wired (as on Aurora)
SKIP W8A8_sq_rmseup_span2: floor W8A8_sq needs the SmoothQuant PREPARE->calibrate->CONVERT flow, which is not wired (as on Aurora)
28 configs to run (10 skipped)
measuring FP32 baseline
  scored init 20210104_00 at leads [24, 72, 120, 168]
  scored init 20210204_00 at leads [24, 72, 120, 168]
  scored init 20210304_00 at leads [24, 72, 120, 168]
  scored init 20210404_00 at leads [24, 72, 120, 168]
  scored init 20210504_00 at leads [24, 72, 120, 168]
  scored init 20210604_00 at leads [24, 72, 120, 168]
  scored init 20210704_00 at leads [24, 72, 120, 168]
  scored init 20210804_00 at leads [24, 72, 120, 168]
  scored init 20210904_00 at leads [24, 72, 120, 168]
  scored init 20211004_00 at leads [24, 72, 120, 168]
  scored init 20211104_00 at leads [24, 72, 120, 168]
  scored init 20211204_00 at leads [24, 72, 120, 168]
=== W4W8_floor  floor=W4  (uniform floor)
  scored init 20210104_00 at leads [24, 72, 120, 168]
  scored init 20210204_00 at leads [24, 72, 120, 168]
  scored init 20210304_00 at leads [24, 72, 120, 168]
  scored init 20210404_00 at leads [24, 72, 120, 168]
  scored init 20210504_00 at leads [24, 72, 120, 168]
  scored init 20210604_00 at leads [24, 72, 120, 168]
  scored init 20210704_00 at leads [24, 72, 120, 168]
  scored init 20210804_00 at leads [24, 72, 120, 168]
  scored init 20210904_00 at leads [24, 72, 120, 168]
  scored init 20211004_00 at leads [24, 72, 120, 168]
  scored init 20211104_00 at leads [24, 72, 120, 168]
  scored init 20211204_00 at leads [24, 72, 120, 168]
saved W4W8_floor -> harness_results_2021_stormer/harness_results.pt (balance 13.4330, conservation 0.3875)
=== ceiling  floor=bf16  (uniform floor)
  scored init 20210104_00 at leads [24, 72, 120, 168]
  scored init 20210204_00 at leads [24, 72, 120, 168]
  scored init 20210304_00 at leads [24, 72, 120, 168]
  scored init 20210404_00 at leads [24, 72, 120, 168]
  scored init 20210504_00 at leads [24, 72, 120, 168]
  scored init 20210604_00 at leads [24, 72, 120, 168]
  scored init 20210704_00 at leads [24, 72, 120, 168]
  scored init 20210804_00 at leads [24, 72, 120, 168]
  scored init 20210904_00 at leads [24, 72, 120, 168]
  scored init 20211004_00 at leads [24, 72, 120, 168]
  scored init 20211104_00 at leads [24, 72, 120, 168]
  scored init 20211204_00 at leads [24, 72, 120, 168]
saved ceiling -> harness_results_2021_stormer/harness_results.pt (balance 0.0018, conservation 0.0020)
=== W4W8_knee  floor=W4  W8:head
  scored init 20210104_00 at leads [24, 72, 120, 168]
  scored init 20210204_00 at leads [24, 72, 120, 168]
  scored init 20210304_00 at leads [24, 72, 120, 168]
  scored init 20210404_00 at leads [24, 72, 120, 168]
  scored init 20210504_00 at leads [24, 72, 120, 168]
  scored init 20210604_00 at leads [24, 72, 120, 168]
  scored init 20210704_00 at leads [24, 72, 120, 168]
  scored init 20210804_00 at leads [24, 72, 120, 168]
  scored init 20210904_00 at leads [24, 72, 120, 168]
  scored init 20211004_00 at leads [24, 72, 120, 168]
  scored init 20211104_00 at leads [24, 72, 120, 168]
  scored init 20211204_00 at leads [24, 72, 120, 168]
saved W4W8_knee -> harness_results_2021_stormer/harness_results.pt (balance 8.0233, conservation 0.7097)
=== W4W8_span1  floor=W4  bf16:embed|head;W8:adaln|b12-17_attn|b12-17_mlp|b18-23_attn|b18-23_mlp|b6-11_attn
  scored init 20210104_00 at leads [24, 72, 120, 168]
  scored init 20210204_00 at leads [24, 72, 120, 168]
  scored init 20210304_00 at leads [24, 72, 120, 168]
  scored init 20210404_00 at leads [24, 72, 120, 168]
  scored init 20210504_00 at leads [24, 72, 120, 168]
  scored init 20210604_00 at leads [24, 72, 120, 168]
  scored init 20210704_00 at leads [24, 72, 120, 168]
  scored init 20210804_00 at leads [24, 72, 120, 168]
  scored init 20210904_00 at leads [24, 72, 120, 168]
  scored init 20211004_00 at leads [24, 72, 120, 168]
  scored init 20211104_00 at leads [24, 72, 120, 168]
  scored init 20211204_00 at leads [24, 72, 120, 168]
saved W4W8_span1 -> harness_results_2021_stormer/harness_results.pt (balance 0.4324, conservation 0.1030)
=== W4W8_span2  floor=W4  bf16:b12-17_mlp|b18-23_attn|b18-23_mlp|embed|head;W8:adaln|b0-5_attn|b0-5_mlp|b12-17_attn|b6-11_mlp
  scored init 20210104_00 at leads [24, 72, 120, 168]
  scored init 20210204_00 at leads [24, 72, 120, 168]
  scored init 20210304_00 at leads [24, 72, 120, 168]
  scored init 20210404_00 at leads [24, 72, 120, 168]
  scored init 20210504_00 at leads [24, 72, 120, 168]
  scored init 20210604_00 at leads [24, 72, 120, 168]
  scored init 20210704_00 at leads [24, 72, 120, 168]
  scored init 20210804_00 at leads [24, 72, 120, 168]
  scored init 20210904_00 at leads [24, 72, 120, 168]
  scored init 20211004_00 at leads [24, 72, 120, 168]
  scored init 20211104_00 at leads [24, 72, 120, 168]
  scored init 20211204_00 at leads [24, 72, 120, 168]
saved W4W8_span2 -> harness_results_2021_stormer/harness_results.pt (balance 0.1847, conservation 0.2243)
=== W4W8_span3  floor=W4  bf16:b0-5_attn|b0-5_mlp|b12-17_attn|b12-17_mlp|b18-23_attn|b18-23_mlp|b6-11_attn|b6-11_mlp|embed|head;W8:adaln
  scored init 20210104_00 at leads [24, 72, 120, 168]
  scored init 20210204_00 at leads [24, 72, 120, 168]
  scored init 20210304_00 at leads [24, 72, 120, 168]
  scored init 20210404_00 at leads [24, 72, 120, 168]
  scored init 20210504_00 at leads [24, 72, 120, 168]
  scored init 20210604_00 at leads [24, 72, 120, 168]
  scored init 20210704_00 at leads [24, 72, 120, 168]
  scored init 20210804_00 at leads [24, 72, 120, 168]
  scored init 20210904_00 at leads [24, 72, 120, 168]
  scored init 20211004_00 at leads [24, 72, 120, 168]
  scored init 20211104_00 at leads [24, 72, 120, 168]
  scored init 20211204_00 at leads [24, 72, 120, 168]
saved W4W8_span3 -> harness_results_2021_stormer/harness_results.pt (balance 0.0164, conservation 0.0069)
=== W4W8_rmse_span1  floor=W4  bf16:embed|head;W8:b0-5_attn|b12-17_attn|b12-17_mlp|b18-23_attn|b18-23_mlp|b6-11_attn|b6-11_mlp
  scored init 20210104_00 at leads [24, 72, 120, 168]
  scored init 20210204_00 at leads [24, 72, 120, 168]
  scored init 20210304_00 at leads [24, 72, 120, 168]
  scored init 20210404_00 at leads [24, 72, 120, 168]
  scored init 20210504_00 at leads [24, 72, 120, 168]
  scored init 20210604_00 at leads [24, 72, 120, 168]
  scored init 20210704_00 at leads [24, 72, 120, 168]
  scored init 20210804_00 at leads [24, 72, 120, 168]
  scored init 20210904_00 at leads [24, 72, 120, 168]
  scored init 20211004_00 at leads [24, 72, 120, 168]
  scored init 20211104_00 at leads [24, 72, 120, 168]
  scored init 20211204_00 at leads [24, 72, 120, 168]
saved W4W8_rmse_span1 -> harness_results_2021_stormer/harness_results.pt (balance 1.3782, conservation 0.9448)
=== W4W8_rmse_span2  floor=W4  bf16:b18-23_attn|b6-11_attn|b6-11_mlp|embed|head;W8:adaln|b0-5_attn|b0-5_mlp|b12-17_attn|b12-17_mlp|b18-23_mlp
  scored init 20210104_00 at leads [24, 72, 120, 168]
  scored init 20210204_00 at leads [24, 72, 120, 168]
  scored init 20210304_00 at leads [24, 72, 120, 168]
  scored init 20210404_00 at leads [24, 72, 120, 168]
  scored init 20210504_00 at leads [24, 72, 120, 168]
  scored init 20210604_00 at leads [24, 72, 120, 168]
  scored init 20210704_00 at leads [24, 72, 120, 168]
  scored init 20210804_00 at leads [24, 72, 120, 168]
  scored init 20210904_00 at leads [24, 72, 120, 168]
  scored init 20211004_00 at leads [24, 72, 120, 168]
  scored init 20211104_00 at leads [24, 72, 120, 168]
  scored init 20211204_00 at leads [24, 72, 120, 168]
saved W4W8_rmse_span2 -> harness_results_2021_stormer/harness_results.pt (balance 0.0853, conservation 0.1051)
=== W4W8_rmse_span3  floor=W4  bf16:b0-5_attn|b12-17_attn|b12-17_mlp|b18-23_attn|b18-23_mlp|b6-11_attn|b6-11_mlp|embed|head;W8:adaln|b0-5_mlp
  scored init 20210104_00 at leads [24, 72, 120, 168]
  scored init 20210204_00 at leads [24, 72, 120, 168]
  scored init 20210304_00 at leads [24, 72, 120, 168]
  scored init 20210404_00 at leads [24, 72, 120, 168]
  scored init 20210504_00 at leads [24, 72, 120, 168]
  scored init 20210604_00 at leads [24, 72, 120, 168]
  scored init 20210704_00 at leads [24, 72, 120, 168]
  scored init 20210804_00 at leads [24, 72, 120, 168]
  scored init 20210904_00 at leads [24, 72, 120, 168]
  scored init 20211004_00 at leads [24, 72, 120, 168]
  scored init 20211104_00 at leads [24, 72, 120, 168]
  scored init 20211204_00 at leads [24, 72, 120, 168]
saved W4W8_rmse_span3 -> harness_results_2021_stormer/harness_results.pt (balance 0.0273, conservation 0.0277)
=== W4W8_rmseup_span1  floor=W4  bf16:embed|head;W8:adaln|b0-5_attn|b0-5_mlp|b12-17_attn|b12-17_mlp|b18-23_attn|b18-23_mlp|b6-11_attn|b6-11_mlp
  scored init 20210104_00 at leads [24, 72, 120, 168]
  scored init 20210204_00 at leads [24, 72, 120, 168]
  scored init 20210304_00 at leads [24, 72, 120, 168]
  scored init 20210404_00 at leads [24, 72, 120, 168]
  scored init 20210504_00 at leads [24, 72, 120, 168]
  scored init 20210604_00 at leads [24, 72, 120, 168]
  scored init 20210704_00 at leads [24, 72, 120, 168]
  scored init 20210804_00 at leads [24, 72, 120, 168]
  scored init 20210904_00 at leads [24, 72, 120, 168]
  scored init 20211004_00 at leads [24, 72, 120, 168]
  scored init 20211104_00 at leads [24, 72, 120, 168]
  scored init 20211204_00 at leads [24, 72, 120, 168]
saved W4W8_rmseup_span1 -> harness_results_2021_stormer/harness_results.pt (balance 0.0809, conservation 0.0880)
=== W4W8_rmseup_span2  floor=W4  bf16:b12-17_attn|b18-23_attn|b18-23_mlp|b6-11_attn|b6-11_mlp|embed|head;W8:adaln|b0-5_attn|b0-5_mlp|b12-17_mlp
  scored init 20210104_00 at leads [24, 72, 120, 168]
  scored init 20210204_00 at leads [24, 72, 120, 168]
  scored init 20210304_00 at leads [24, 72, 120, 168]
  scored init 20210404_00 at leads [24, 72, 120, 168]
  scored init 20210504_00 at leads [24, 72, 120, 168]
  scored init 20210604_00 at leads [24, 72, 120, 168]
  scored init 20210704_00 at leads [24, 72, 120, 168]
  scored init 20210804_00 at leads [24, 72, 120, 168]
  scored init 20210904_00 at leads [24, 72, 120, 168]
  scored init 20211004_00 at leads [24, 72, 120, 168]
  scored init 20211104_00 at leads [24, 72, 120, 168]
  scored init 20211204_00 at leads [24, 72, 120, 168]
saved W4W8_rmseup_span2 -> harness_results_2021_stormer/harness_results.pt (balance 0.0295, conservation 0.0692)
=== W4W8_rmseup_span3  floor=W4  bf16:adaln|b0-5_attn|b12-17_attn|b12-17_mlp|b18-23_attn|b18-23_mlp|b6-11_attn|b6-11_mlp|embed|head;W8:b0-5_mlp
  scored init 20210104_00 at leads [24, 72, 120, 168]
  scored init 20210204_00 at leads [24, 72, 120, 168]
  scored init 20210304_00 at leads [24, 72, 120, 168]
  scored init 20210404_00 at leads [24, 72, 120, 168]
  scored init 20210504_00 at leads [24, 72, 120, 168]
  scored init 20210604_00 at leads [24, 72, 120, 168]
  scored init 20210704_00 at leads [24, 72, 120, 168]
  scored init 20210804_00 at leads [24, 72, 120, 168]
  scored init 20210904_00 at leads [24, 72, 120, 168]
  scored init 20211004_00 at leads [24, 72, 120, 168]
  scored init 20211104_00 at leads [24, 72, 120, 168]
  scored init 20211204_00 at leads [24, 72, 120, 168]
saved W4W8_rmseup_span3 -> harness_results_2021_stormer/harness_results.pt (balance 0.0123, conservation 0.0185)
=== W8A8_floor  floor=W8A8  (uniform floor)
  scored init 20210104_00 at leads [24, 72, 120, 168]
  scored init 20210204_00 at leads [24, 72, 120, 168]
  scored init 20210304_00 at leads [24, 72, 120, 168]
  scored init 20210404_00 at leads [24, 72, 120, 168]
  scored init 20210504_00 at leads [24, 72, 120, 168]
  scored init 20210604_00 at leads [24, 72, 120, 168]
  scored init 20210704_00 at leads [24, 72, 120, 168]
  scored init 20210804_00 at leads [24, 72, 120, 168]
  scored init 20210904_00 at leads [24, 72, 120, 168]
  scored init 20211004_00 at leads [24, 72, 120, 168]
  scored init 20211104_00 at leads [24, 72, 120, 168]
  scored init 20211204_00 at leads [24, 72, 120, 168]
saved W8A8_floor -> harness_results_2021_stormer/harness_results.pt (balance 1.1351, conservation 0.0953)
=== W8A8_knee  floor=W8A8  bf16:embed
  scored init 20210104_00 at leads [24, 72, 120, 168]
  scored init 20210204_00 at leads [24, 72, 120, 168]
  scored init 20210304_00 at leads [24, 72, 120, 168]
  scored init 20210404_00 at leads [24, 72, 120, 168]
  scored init 20210504_00 at leads [24, 72, 120, 168]
  scored init 20210604_00 at leads [24, 72, 120, 168]
  scored init 20210704_00 at leads [24, 72, 120, 168]
  scored init 20210804_00 at leads [24, 72, 120, 168]
  scored init 20210904_00 at leads [24, 72, 120, 168]
  scored init 20211004_00 at leads [24, 72, 120, 168]
  scored init 20211104_00 at leads [24, 72, 120, 168]
  scored init 20211204_00 at leads [24, 72, 120, 168]
saved W8A8_knee -> harness_results_2021_stormer/harness_results.pt (balance 0.5235, conservation 0.2077)
=== W8A8_span1  floor=W8A8  bf16:adaln|b18-23_attn|b18-23_mlp|embed|head
  scored init 20210104_00 at leads [24, 72, 120, 168]
  scored init 20210204_00 at leads [24, 72, 120, 168]
  scored init 20210304_00 at leads [24, 72, 120, 168]
  scored init 20210404_00 at leads [24, 72, 120, 168]
  scored init 20210504_00 at leads [24, 72, 120, 168]
  scored init 20210604_00 at leads [24, 72, 120, 168]
  scored init 20210704_00 at leads [24, 72, 120, 168]
  scored init 20210804_00 at leads [24, 72, 120, 168]
  scored init 20210904_00 at leads [24, 72, 120, 168]
  scored init 20211004_00 at leads [24, 72, 120, 168]
  scored init 20211104_00 at leads [24, 72, 120, 168]
  scored init 20211204_00 at leads [24, 72, 120, 168]
saved W8A8_span1 -> harness_results_2021_stormer/harness_results.pt (balance 0.1124, conservation 0.0789)
=== W8A8_span2  floor=W8A8  bf16:adaln|b12-17_mlp|b18-23_attn|b18-23_mlp|b6-11_attn|embed|head
  scored init 20210104_00 at leads [24, 72, 120, 168]
  scored init 20210204_00 at leads [24, 72, 120, 168]
  scored init 20210304_00 at leads [24, 72, 120, 168]
  scored init 20210404_00 at leads [24, 72, 120, 168]
  scored init 20210504_00 at leads [24, 72, 120, 168]
  scored init 20210604_00 at leads [24, 72, 120, 168]
  scored init 20210704_00 at leads [24, 72, 120, 168]
  scored init 20210804_00 at leads [24, 72, 120, 168]
  scored init 20210904_00 at leads [24, 72, 120, 168]
  scored init 20211004_00 at leads [24, 72, 120, 168]
  scored init 20211104_00 at leads [24, 72, 120, 168]
  scored init 20211204_00 at leads [24, 72, 120, 168]
saved W8A8_span2 -> harness_results_2021_stormer/harness_results.pt (balance 0.0943, conservation 0.0404)
=== W8A8_span3  floor=W8A8  bf16:adaln|b0-5_attn|b0-5_mlp|b12-17_mlp|b18-23_attn|b18-23_mlp|b6-11_attn|embed|head
  scored init 20210104_00 at leads [24, 72, 120, 168]
  scored init 20210204_00 at leads [24, 72, 120, 168]
  scored init 20210304_00 at leads [24, 72, 120, 168]
  scored init 20210404_00 at leads [24, 72, 120, 168]
  scored init 20210504_00 at leads [24, 72, 120, 168]
  scored init 20210604_00 at leads [24, 72, 120, 168]
  scored init 20210704_00 at leads [24, 72, 120, 168]
  scored init 20210804_00 at leads [24, 72, 120, 168]
  scored init 20210904_00 at leads [24, 72, 120, 168]
  scored init 20211004_00 at leads [24, 72, 120, 168]
  scored init 20211104_00 at leads [24, 72, 120, 168]
  scored init 20211204_00 at leads [24, 72, 120, 168]
saved W8A8_span3 -> harness_results_2021_stormer/harness_results.pt (balance 0.0124, conservation 0.0189)
=== W8A8_rmse_span1  floor=W8A8  bf16:adaln|b6-11_attn|embed|head
  scored init 20210104_00 at leads [24, 72, 120, 168]
  scored init 20210204_00 at leads [24, 72, 120, 168]
  scored init 20210304_00 at leads [24, 72, 120, 168]
  scored init 20210404_00 at leads [24, 72, 120, 168]
  scored init 20210504_00 at leads [24, 72, 120, 168]
  scored init 20210604_00 at leads [24, 72, 120, 168]
  scored init 20210704_00 at leads [24, 72, 120, 168]
  scored init 20210804_00 at leads [24, 72, 120, 168]
  scored init 20210904_00 at leads [24, 72, 120, 168]
  scored init 20211004_00 at leads [24, 72, 120, 168]
  scored init 20211104_00 at leads [24, 72, 120, 168]
  scored init 20211204_00 at leads [24, 72, 120, 168]
saved W8A8_rmse_span1 -> harness_results_2021_stormer/harness_results.pt (balance 0.3854, conservation 0.1101)
=== W8A8_rmse_span2  floor=W8A8  bf16:adaln|b0-5_mlp|b18-23_attn|b6-11_attn|b6-11_mlp|embed|head
  scored init 20210104_00 at leads [24, 72, 120, 168]
  scored init 20210204_00 at leads [24, 72, 120, 168]
  scored init 20210304_00 at leads [24, 72, 120, 168]
  scored init 20210404_00 at leads [24, 72, 120, 168]
  scored init 20210504_00 at leads [24, 72, 120, 168]
  scored init 20210604_00 at leads [24, 72, 120, 168]
  scored init 20210704_00 at leads [24, 72, 120, 168]
  scored init 20210804_00 at leads [24, 72, 120, 168]
  scored init 20210904_00 at leads [24, 72, 120, 168]
  scored init 20211004_00 at leads [24, 72, 120, 168]
  scored init 20211104_00 at leads [24, 72, 120, 168]
  scored init 20211204_00 at leads [24, 72, 120, 168]
saved W8A8_rmse_span2 -> harness_results_2021_stormer/harness_results.pt (balance 0.3003, conservation 0.1054)
=== W8A8_rmse_span3  floor=W8A8  bf16:adaln|b0-5_mlp|b18-23_attn|b18-23_mlp|b6-11_attn|b6-11_mlp|embed|head
  scored init 20210104_00 at leads [24, 72, 120, 168]
  scored init 20210204_00 at leads [24, 72, 120, 168]
  scored init 20210304_00 at leads [24, 72, 120, 168]
  scored init 20210404_00 at leads [24, 72, 120, 168]
  scored init 20210504_00 at leads [24, 72, 120, 168]
  scored init 20210604_00 at leads [24, 72, 120, 168]
  scored init 20210704_00 at leads [24, 72, 120, 168]
  scored init 20210804_00 at leads [24, 72, 120, 168]
  scored init 20210904_00 at leads [24, 72, 120, 168]
  scored init 20211004_00 at leads [24, 72, 120, 168]
  scored init 20211104_00 at leads [24, 72, 120, 168]
  scored init 20211204_00 at leads [24, 72, 120, 168]
saved W8A8_rmse_span3 -> harness_results_2021_stormer/harness_results.pt (balance 0.0251, conservation 0.0759)
=== W8A8_rmseup_span1  floor=W8A8  bf16:adaln|b0-5_mlp|b18-23_attn|b6-11_attn|embed|head
  scored init 20210104_00 at leads [24, 72, 120, 168]
  scored init 20210204_00 at leads [24, 72, 120, 168]
  scored init 20210304_00 at leads [24, 72, 120, 168]
  scored init 20210404_00 at leads [24, 72, 120, 168]
  scored init 20210504_00 at leads [24, 72, 120, 168]
  scored init 20210604_00 at leads [24, 72, 120, 168]
  scored init 20210704_00 at leads [24, 72, 120, 168]
  scored init 20210804_00 at leads [24, 72, 120, 168]
  scored init 20210904_00 at leads [24, 72, 120, 168]
  scored init 20211004_00 at leads [24, 72, 120, 168]
  scored init 20211104_00 at leads [24, 72, 120, 168]
  scored init 20211204_00 at leads [24, 72, 120, 168]
saved W8A8_rmseup_span1 -> harness_results_2021_stormer/harness_results.pt (balance 0.3160, conservation 0.1330)
=== W8A8_rmseup_span3  floor=W8A8  bf16:adaln|b0-5_mlp|b12-17_mlp|b18-23_attn|b18-23_mlp|b6-11_attn|b6-11_mlp|embed|head
  scored init 20210104_00 at leads [24, 72, 120, 168]
  scored init 20210204_00 at leads [24, 72, 120, 168]
  scored init 20210304_00 at leads [24, 72, 120, 168]
  scored init 20210404_00 at leads [24, 72, 120, 168]
  scored init 20210504_00 at leads [24, 72, 120, 168]
  scored init 20210604_00 at leads [24, 72, 120, 168]
  scored init 20210704_00 at leads [24, 72, 120, 168]
  scored init 20210804_00 at leads [24, 72, 120, 168]
  scored init 20210904_00 at leads [24, 72, 120, 168]
  scored init 20211004_00 at leads [24, 72, 120, 168]
  scored init 20211104_00 at leads [24, 72, 120, 168]
  scored init 20211204_00 at leads [24, 72, 120, 168]
saved W8A8_rmseup_span3 -> harness_results_2021_stormer/harness_results.pt (balance 0.0094, conservation 0.0217)
=== W8A8_probe_divergent  floor=W8A8  bf16:b18-23_mlp|head
  scored init 20210104_00 at leads [24, 72, 120, 168]
  scored init 20210204_00 at leads [24, 72, 120, 168]
  scored init 20210304_00 at leads [24, 72, 120, 168]
  scored init 20210404_00 at leads [24, 72, 120, 168]
  scored init 20210504_00 at leads [24, 72, 120, 168]
  scored init 20210604_00 at leads [24, 72, 120, 168]
  scored init 20210704_00 at leads [24, 72, 120, 168]
  scored init 20210804_00 at leads [24, 72, 120, 168]
  scored init 20210904_00 at leads [24, 72, 120, 168]
  scored init 20211004_00 at leads [24, 72, 120, 168]
  scored init 20211104_00 at leads [24, 72, 120, 168]
  scored init 20211204_00 at leads [24, 72, 120, 168]
saved W8A8_probe_divergent -> harness_results_2021_stormer/harness_results.pt (balance 0.7648, conservation 0.5258)
=== W8A8_probe_rmse_favoured  floor=W8A8  bf16:b6-11_attn|b6-11_mlp
  scored init 20210104_00 at leads [24, 72, 120, 168]
  scored init 20210204_00 at leads [24, 72, 120, 168]
  scored init 20210304_00 at leads [24, 72, 120, 168]
  scored init 20210404_00 at leads [24, 72, 120, 168]
  scored init 20210504_00 at leads [24, 72, 120, 168]
  scored init 20210604_00 at leads [24, 72, 120, 168]
  scored init 20210704_00 at leads [24, 72, 120, 168]
  scored init 20210804_00 at leads [24, 72, 120, 168]
  scored init 20210904_00 at leads [24, 72, 120, 168]
  scored init 20211004_00 at leads [24, 72, 120, 168]
  scored init 20211104_00 at leads [24, 72, 120, 168]
  scored init 20211204_00 at leads [24, 72, 120, 168]
saved W8A8_probe_rmse_favoured -> harness_results_2021_stormer/harness_results.pt (balance 1.1186, conservation 0.0810)
=== W8A8_rand_0  floor=W8A8  bf16:adaln|b0-5_mlp|b12-17_attn|b12-17_mlp|b18-23_attn|embed|head
  scored init 20210104_00 at leads [24, 72, 120, 168]
  scored init 20210204_00 at leads [24, 72, 120, 168]
  scored init 20210304_00 at leads [24, 72, 120, 168]
  scored init 20210404_00 at leads [24, 72, 120, 168]
  scored init 20210504_00 at leads [24, 72, 120, 168]
  scored init 20210604_00 at leads [24, 72, 120, 168]
  scored init 20210704_00 at leads [24, 72, 120, 168]
  scored init 20210804_00 at leads [24, 72, 120, 168]
  scored init 20210904_00 at leads [24, 72, 120, 168]
  scored init 20211004_00 at leads [24, 72, 120, 168]
  scored init 20211104_00 at leads [24, 72, 120, 168]
  scored init 20211204_00 at leads [24, 72, 120, 168]
saved W8A8_rand_0 -> harness_results_2021_stormer/harness_results.pt (balance 0.3074, conservation 0.1729)
=== W8A8_rand_1  floor=W8A8  bf16:adaln|b0-5_attn|b0-5_mlp|b18-23_attn|b18-23_mlp|embed|head
  scored init 20210104_00 at leads [24, 72, 120, 168]
  scored init 20210204_00 at leads [24, 72, 120, 168]
  scored init 20210304_00 at leads [24, 72, 120, 168]
  scored init 20210404_00 at leads [24, 72, 120, 168]
  scored init 20210504_00 at leads [24, 72, 120, 168]
  scored init 20210604_00 at leads [24, 72, 120, 168]
  scored init 20210704_00 at leads [24, 72, 120, 168]
  scored init 20210804_00 at leads [24, 72, 120, 168]
  scored init 20210904_00 at leads [24, 72, 120, 168]
  scored init 20211004_00 at leads [24, 72, 120, 168]
  scored init 20211104_00 at leads [24, 72, 120, 168]
  scored init 20211204_00 at leads [24, 72, 120, 168]
saved W8A8_rand_1 -> harness_results_2021_stormer/harness_results.pt (balance 0.0517, conservation 0.0623)
=== W8A8_rand_2  floor=W8A8  bf16:adaln|b0-5_attn|b12-17_mlp|b18-23_attn|b6-11_mlp|embed|head
  scored init 20210104_00 at leads [24, 72, 120, 168]
  scored init 20210204_00 at leads [24, 72, 120, 168]
  scored init 20210304_00 at leads [24, 72, 120, 168]
  scored init 20210404_00 at leads [24, 72, 120, 168]
  scored init 20210504_00 at leads [24, 72, 120, 168]
  scored init 20210604_00 at leads [24, 72, 120, 168]
  scored init 20210704_00 at leads [24, 72, 120, 168]
  scored init 20210804_00 at leads [24, 72, 120, 168]
  scored init 20210904_00 at leads [24, 72, 120, 168]
  scored init 20211004_00 at leads [24, 72, 120, 168]
  scored init 20211104_00 at leads [24, 72, 120, 168]
  scored init 20211204_00 at leads [24, 72, 120, 168]
saved W8A8_rand_2 -> harness_results_2021_stormer/harness_results.pt (balance 0.3482, conservation 0.1601)
=== W8A8_rand_3  floor=W8A8  bf16:b0-5_attn|b12-17_mlp|b6-11_attn|b6-11_mlp|embed|head
  scored init 20210104_00 at leads [24, 72, 120, 168]
  scored init 20210204_00 at leads [24, 72, 120, 168]
  scored init 20210304_00 at leads [24, 72, 120, 168]
  scored init 20210404_00 at leads [24, 72, 120, 168]
  scored init 20210504_00 at leads [24, 72, 120, 168]
  scored init 20210604_00 at leads [24, 72, 120, 168]
  scored init 20210704_00 at leads [24, 72, 120, 168]
  scored init 20210804_00 at leads [24, 72, 120, 168]
  scored init 20210904_00 at leads [24, 72, 120, 168]
  scored init 20211004_00 at leads [24, 72, 120, 168]
  scored init 20211104_00 at leads [24, 72, 120, 168]
  scored init 20211204_00 at leads [24, 72, 120, 168]
saved W8A8_rand_3 -> harness_results_2021_stormer/harness_results.pt (balance 0.3526, conservation 0.1224)
done: 28 configs in harness_results_2021_stormer

real	589m10.654s
user	623m36.095s
sys	4m33.106s
=== END: Sun  2 Aug 12:59:06 BST 2026  ELAPSED 35367s ===
