16 members; reference = member_000.pt
  member_001.pt: balance=4.5162e-05  conservation=2.6078e-06  standard=4.7316e-06
  member_002.pt: balance=1.1122e-05  conservation=5.123e-06  standard=3.4888e-06
  member_003.pt: balance=2.2285e-05  conservation=5.1319e-06  standard=1.0529e-05
  member_004.pt: balance=2.8119e-05  conservation=4.0668e-06  standard=1.8123e-05
  member_005.pt: balance=3.5121e-05  conservation=1.6431e-06  standard=6.2809e-06
  member_006.pt: balance=1.5228e-05  conservation=1.3095e-05  standard=1.3611e-05
  member_007.pt: balance=3.0141e-05  conservation=2.1777e-06  standard=8.2991e-06
  member_008.pt: balance=8.129e-06  conservation=6.7175e-06  standard=6.7752e-06
  member_009.pt: balance=1.5159e-05  conservation=5.7764e-06  standard=1.0772e-05
  member_010.pt: balance=3.4808e-05  conservation=6.7532e-06  standard=9.656e-06
  member_011.pt: balance=3.1534e-05  conservation=1.053e-05  standard=3.9878e-06
  member_012.pt: balance=4.6424e-05  conservation=6.9432e-06  standard=1.3533e-05
  member_013.pt: balance=2.4983e-05  conservation=8.276e-06  standard=6.5358e-06
  member_014.pt: balance=2.6419e-05  conservation=5.0823e-06  standard=6.6669e-06
  member_015.pt: balance=7.0355e-06  conservation=1.4931e-05  standard=5.3755e-06

=== AXIS-LEVEL NULL (stormer_noise_floor_ens, round-off ensemble, n=15 perturbed members, 120h) ===
axis               median        p90        p95        max
balance        2.6419e-05 4.1146e-05 4.5541e-05 4.6424e-05
conservation   5.7764e-06 1.2069e-05 1.3646e-05 1.4931e-05
standard       6.7752e-06  1.358e-05 1.4965e-05 1.8123e-05
