=== START: Tue 21 Jul 09:53:54 BST 2026 ===
imported scripts
FP32
5.0 GB
weights resident: 5.03 GB
rollout time: 16.06 s
peak allocated: 28.51 GB
peak reserved : 45.28 GB
W8
quantised model!
1.3 GB
weights resident: 1.50 GB
rollout time: 8.72 s
peak allocated: 24.77 GB
peak reserved : 39.75 GB
W8A8 (torch.compile)
quantised model!
1.3 GB
compiling (warmup rollout)...
V0721 09:58:28.156000 995231 site-packages/torch/_dynamo/guards.py:2813] [6/1] [__recompiles] Recompiling function forward in /vol/bitbucket/mes25/conda/envs/climate/lib/python3.11/site-packages/aurora/model/swin3d.py:705
V0721 09:58:28.156000 995231 site-packages/torch/_dynamo/guards.py:2813] [6/1] [__recompiles]     triggered by the following guard failure(s):
V0721 09:58:28.156000 995231 site-packages/torch/_dynamo/guards.py:2813] [6/1] [__recompiles]     - 6/0: tensor 'L['x']' size mismatch at index 1. expected 259200, actual 64800
V0721 09:59:47.368000 995231 site-packages/torch/_dynamo/guards.py:2813] [6/2] [__recompiles] Recompiling function forward in /vol/bitbucket/mes25/conda/envs/climate/lib/python3.11/site-packages/aurora/model/swin3d.py:705
V0721 09:59:47.368000 995231 site-packages/torch/_dynamo/guards.py:2813] [6/2] [__recompiles]     triggered by the following guard failure(s):
V0721 09:59:47.368000 995231 site-packages/torch/_dynamo/guards.py:2813] [6/2] [__recompiles]     - 6/1: tensor 'L['x']' size mismatch at index 2. expected 1024, actual 2048
V0721 09:59:47.368000 995231 site-packages/torch/_dynamo/guards.py:2813] [6/2] [__recompiles]     - 6/0: tensor 'L['x']' size mismatch at index 1. expected 259200, actual 16200
V0721 10:01:36.871000 995231 site-packages/torch/_dynamo/guards.py:2813] [6/3] [__recompiles] Recompiling function forward in /vol/bitbucket/mes25/conda/envs/climate/lib/python3.11/site-packages/aurora/model/swin3d.py:705
V0721 10:01:36.871000 995231 site-packages/torch/_dynamo/guards.py:2813] [6/3] [__recompiles]     triggered by the following guard failure(s):
V0721 10:01:36.871000 995231 site-packages/torch/_dynamo/guards.py:2813] [6/3] [__recompiles]     - 6/2: ___check_type_id(L['self'], 683533664)                      
V0721 10:01:36.871000 995231 site-packages/torch/_dynamo/guards.py:2813] [6/3] [__recompiles]     - 6/1: tensor 'L['x']' size mismatch at index 2. expected 1024, actual 2048
V0721 10:01:36.871000 995231 site-packages/torch/_dynamo/guards.py:2813] [6/3] [__recompiles]     - 6/0: tensor 'L['x']' size mismatch at index 1. expected 259200, actual 16200
V0721 10:03:25.750000 995231 site-packages/torch/_dynamo/guards.py:2813] [6/4] [__recompiles] Recompiling function forward in /vol/bitbucket/mes25/conda/envs/climate/lib/python3.11/site-packages/aurora/model/swin3d.py:705
V0721 10:03:25.750000 995231 site-packages/torch/_dynamo/guards.py:2813] [6/4] [__recompiles]     triggered by the following guard failure(s):
V0721 10:03:25.750000 995231 site-packages/torch/_dynamo/guards.py:2813] [6/4] [__recompiles]     - 6/3: tensor 'L['x']' size mismatch at index 2. expected 2048, actual 1024
V0721 10:03:25.750000 995231 site-packages/torch/_dynamo/guards.py:2813] [6/4] [__recompiles]     - 6/2: ___check_type_id(L['self'], 683533664)                      
V0721 10:03:25.750000 995231 site-packages/torch/_dynamo/guards.py:2813] [6/4] [__recompiles]     - 6/1: ___check_type_id(L['self'], 683533664)                      
V0721 10:03:25.750000 995231 site-packages/torch/_dynamo/guards.py:2813] [6/4] [__recompiles]     - 6/0: tensor 'L['x']' size mismatch at index 1. expected 259200, actual 64800
V0721 10:04:42.366000 995231 site-packages/torch/_dynamo/guards.py:2813] [6/5] [__recompiles] Recompiling function forward in /vol/bitbucket/mes25/conda/envs/climate/lib/python3.11/site-packages/aurora/model/swin3d.py:705
V0721 10:04:42.366000 995231 site-packages/torch/_dynamo/guards.py:2813] [6/5] [__recompiles]     triggered by the following guard failure(s):
V0721 10:04:42.366000 995231 site-packages/torch/_dynamo/guards.py:2813] [6/5] [__recompiles]     - 6/4: tensor 'L['x']' size mismatch at index 2. expected 1024, actual 512
V0721 10:04:42.366000 995231 site-packages/torch/_dynamo/guards.py:2813] [6/5] [__recompiles]     - 6/3: tensor 'L['x']' size mismatch at index 2. expected 2048, actual 512
V0721 10:04:42.366000 995231 site-packages/torch/_dynamo/guards.py:2813] [6/5] [__recompiles]     - 6/2: ___check_type_id(L['self'], 683533664)                      
V0721 10:04:42.366000 995231 site-packages/torch/_dynamo/guards.py:2813] [6/5] [__recompiles]     - 6/1: tensor 'L['x']' size mismatch at index 2. expected 1024, actual 512
V0721 10:04:42.366000 995231 site-packages/torch/_dynamo/guards.py:2813] [6/5] [__recompiles]     - 6/0: ___check_type_id(L['self'], 683533664)                      
V0721 10:05:33.066000 995231 site-packages/torch/_dynamo/guards.py:2813] [0/1] [__recompiles] Recompiling function forward in /vol/bitbucket/mes25/conda/envs/climate/lib/python3.11/site-packages/aurora/model/perceiver.py:212
V0721 10:05:33.066000 995231 site-packages/torch/_dynamo/guards.py:2813] [0/1] [__recompiles]     triggered by the following guard failure(s):
V0721 10:05:33.066000 995231 site-packages/torch/_dynamo/guards.py:2813] [0/1] [__recompiles]     - 0/0: tensor 'L['x']' size mismatch at index 1. expected 13, actual 3
compile+warmup time: 510.10 s
weights resident: 1.49 GB
rollout time (warm): 6.59 s
peak allocated: 19.59 GB
peak reserved : 30.33 GB
W4
0.8 GB
weights resident: 1.01 GB
rollout time: 10.42 s
peak allocated: 24.28 GB
peak reserved : 32.54 GB

real	12m34.089s
user	10m8.339s
sys	1m6.744s
=== END:   Tue 21 Jul 10:06:37 BST 2026 ===
=== ELAPSED: 763 seconds ===
